13:52:38 **** Incremental Build of configuration Debug for project ADC_Uart_float ****
make -j20 all 
arm-none-eabi-gcc "../Core/Src/main.c" -mcpu=cortex-m3 -std=gnu11 -g3 -DUSE_HAL_DRIVER -DSTM32F103x6 -DDEBUG -c -I../Core/Inc -I../Drivers/STM32F1xx_HAL_Driver/Inc -I../Drivers/STM32F1xx_HAL_Driver/Inc/Legacy -I../Drivers/CMSIS/Device/ST/STM32F1xx/Include -I../Drivers/CMSIS/Include -O0 -ffunction-sections -fdata-sections -Wall -fstack-usage -MMD -MP -MF"Core/Src/main.d" -MT"Core/Src/main.o" --specs=nano.specs -mfloat-abi=soft -mthumb -o "Core/Src/main.o"
arm-none-eabi-gcc -o "ADC_Uart_float.elf" @"objects.list"   -mcpu=cortex-m3 -T"D:\personal repo\mahmoudnasser\proteus\uart_float\ADC_Uart_float\STM32F103C6TX_FLASH.ld" --specs=nosys.specs -Wl,-Map="ADC_Uart_float.map" -Wl,--gc-sections -static -u_printf_float --specs=nano.specs -mfloat-abi=soft -mthumb -Wl,--start-group -lc -lm -Wl,--end-group
Finished building target: ADC_Uart_float.elf
 
arm-none-eabi-objdump -h -S  ADC_Uart_float.elf  > "ADC_Uart_float.list"
arm-none-eabi-objcopy  -O ihex  ADC_Uart_float.elf  "ADC_Uart_float.hex"
arm-none-eabi-objcopy  -O binary  ADC_Uart_float.elf  "ADC_Uart_float.bin"
arm-none-eabi-size   ADC_Uart_float.elf 
   text	   data	    bss	    dec	    hex	filename
  22824	    484	   1708	  25016	   61b8	ADC_Uart_float.elf
Finished building: default.size.stdout
Finished building: ADC_Uart_float.hex
 
Finished building: ADC_Uart_float.bin
 
 
Finished building: ADC_Uart_float.list
 

13:52:39 Build Finished. 0 errors, 0 warnings. (took 540ms)

