14:51:52 **** Incremental Build of configuration Debug for project int_test_get ****
make -j20 all 
arm-none-eabi-gcc "../Core/Src/main.c" -mcpu=cortex-m3 -std=gnu11 -g3 -DUSE_HAL_DRIVER -DSTM32F103x6 -DDEBUG -c -I../Core/Inc -I../Drivers/STM32F1xx_HAL_Driver/Inc -I../Drivers/STM32F1xx_HAL_Driver/Inc/Legacy -I../Drivers/CMSIS/Device/ST/STM32F1xx/Include -I../Drivers/CMSIS/Include -I"D:/personal repo/mahmoudnasser/proteus/uart_float/int_test_get/gen_code_s" -O0 -ffunction-sections -fdata-sections -Wall -fstack-usage -MMD -MP -MF"Core/Src/main.d" -MT"Core/Src/main.o" --specs=nano.specs -mfloat-abi=soft -mthumb -o "Core/Src/main.o"
../Core/Src/main.c: In function 'main':
../Core/Src/main.c:113:15: warning: unused variable 'y' [-Wunused-variable]
      uint16_t y =x;
               ^
arm-none-eabi-gcc -o "int_test_get.elf" @"objects.list"   -mcpu=cortex-m3 -T"D:\personal repo\mahmoudnasser\proteus\uart_float\int_test_get\STM32F103C6TX_FLASH.ld" --specs=nosys.specs -Wl,-Map="int_test_get.map" -Wl,--gc-sections -static --specs=nano.specs -mfloat-abi=soft -mthumb -Wl,--start-group -lc -lm -Wl,--end-group
Finished building target: int_test_get.elf
 
arm-none-eabi-objdump -h -S  int_test_get.elf  > "int_test_get.list"
arm-none-eabi-objcopy  -O binary  int_test_get.elf  "int_test_get.bin"
arm-none-eabi-size   int_test_get.elf 
   text	   data	    bss	    dec	    hex	filename
  11584	    120	   1648	  13352	   3428	int_test_get.elf
Finished building: default.size.stdout
 
Finished building: int_test_get.bin
 
Finished building: int_test_get.list
 

14:51:53 Build Finished. 0 errors, 1 warnings. (took 490ms)

