13:32:59 **** Incremental Build of configuration Debug for project test_pro ****
make -j20 all 
arm-none-eabi-gcc "../Core/Src/main.c" -mcpu=cortex-m3 -std=gnu11 -g3 -DUSE_HAL_DRIVER -DSTM32F103x6 -DDEBUG -c -I../Core/Inc -I../Drivers/STM32F1xx_HAL_Driver/Inc -I../Drivers/STM32F1xx_HAL_Driver/Inc/Legacy -I../Drivers/CMSIS/Device/ST/STM32F1xx/Include -I../Drivers/CMSIS/Include -O0 -ffunction-sections -fdata-sections -Wall -fstack-usage -MMD -MP -MF"Core/Src/main.d" -MT"Core/Src/main.o" --specs=nano.specs -mfloat-abi=soft -mthumb -o "Core/Src/main.o"
arm-none-eabi-gcc -o "test_pro.elf" @"objects.list"   -mcpu=cortex-m3 -T"D:\personal repo\mahmoudnasser\proteus\test_pro\STM32F103C6TX_FLASH.ld" --specs=nosys.specs -Wl,-Map="test_pro.map" -Wl,--gc-sections -static --specs=nano.specs -mfloat-abi=soft -mthumb -Wl,--start-group -lc -lm -Wl,--end-group
Finished building target: test_pro.elf
 
arm-none-eabi-objdump -h -S  test_pro.elf  > "test_pro.list"
arm-none-eabi-objcopy  -O ihex  test_pro.elf  "test_pro.hex"
arm-none-eabi-objcopy  -O binary  test_pro.elf  "test_pro.bin"
arm-none-eabi-size   test_pro.elf 
   text	   data	    bss	    dec	    hex	filename
   4540	     20	   1572	   6132	   17f4	test_pro.elf
Finished building: default.size.stdout
Finished building: test_pro.hex
 
Finished building: test_pro.bin
 
Finished building: test_pro.list
 
 
