00:34:40 **** Incremental Build of configuration Debug for project ADC ****
make -j20 all 
arm-none-eabi-gcc "../Core/Src/main.c" -mcpu=cortex-m3 -std=gnu11 -g3 -DUSE_HAL_DRIVER -DSTM32F103x6 -DDEBUG -c -I../Core/Inc -I../Drivers/STM32F1xx_HAL_Driver/Inc -I../Drivers/STM32F1xx_HAL_Driver/Inc/Legacy -I../Drivers/CMSIS/Device/ST/STM32F1xx/Include -I../Drivers/CMSIS/Include -O0 -ffunction-sections -fdata-sections -Wall -fstack-usage -MMD -MP -MF"Core/Src/main.d" -MT"Core/Src/main.o" --specs=nano.specs -mfloat-abi=soft -mthumb -o "Core/Src/main.o"
../Core/Src/main.c: In function 'main':
../Core/Src/main.c:113:7: warning: unused variable 'x' [-Wunused-variable]
 float x = 3.3/4095;
       ^
arm-none-eabi-gcc -o "ADC.elf" @"objects.list"   -mcpu=cortex-m3 -T"D:\personal repo\mahmoudnasser\proteus\adc_uart\ADC\STM32F103C6TX_FLASH.ld" --specs=nosys.specs -Wl,-Map="ADC.map" -Wl,--gc-sections -static --specs=nano.specs -mfloat-abi=soft -mthumb -Wl,--start-group -lc -lm -Wl,--end-group
Finished building target: ADC.elf
 
arm-none-eabi-objdump -h -S  ADC.elf  > "ADC.list"
arm-none-eabi-objcopy  -O ihex  ADC.elf  "ADC.hex"
arm-none-eabi-objcopy  -O binary  ADC.elf  "ADC.bin"
arm-none-eabi-size   ADC.elf 
   text	   data	    bss	    dec	    hex	filename
  13228	    120	   1728	  15076	   3ae4	ADC.elf
Finished building: default.size.stdout
 
Finished building: ADC.hex
Finished building: ADC.bin
 
 
Finished building: ADC.list
 
