14:40:39 **** Incremental Build of configuration Debug for project test_led ****
make -j20 all 
arm-none-eabi-gcc "../Core/Src/main.c" -mcpu=cortex-m3 -std=gnu11 -g3 -DUSE_HAL_DRIVER -DSTM32F103x6 -DDEBUG -c -I../Core/Inc -I../Drivers/STM32F1xx_HAL_Driver/Inc -I../Drivers/STM32F1xx_HAL_Driver/Inc/Legacy -I../Drivers/CMSIS/Device/ST/STM32F1xx/Include -I../Drivers/CMSIS/Include -O0 -ffunction-sections -fdata-sections -Wall -fstack-usage -MMD -MP -MF"Core/Src/main.d" -MT"Core/Src/main.o" --specs=nano.specs -mfloat-abi=soft -mthumb -o "Core/Src/main.o"
arm-none-eabi-gcc -o "test_led.elf" @"objects.list"   -mcpu=cortex-m3 -T"D:\personal repo\mahmoudnasser\proteus\bluepill\dummy_pwm\test_led\STM32F103C6TX_FLASH.ld" --specs=nosys.specs -Wl,-Map="test_led.map" -Wl,--gc-sections -static --specs=nano.specs -mfloat-abi=soft -mthumb -Wl,--start-group -lc -lm -Wl,--end-group
Finished building target: test_led.elf
 
arm-none-eabi-objdump -h -S  test_led.elf  > "test_led.list"
arm-none-eabi-objcopy  -O ihex  test_led.elf  "test_led.hex"
arm-none-eabi-objcopy  -O binary  test_led.elf  "test_led.bin"
arm-none-eabi-size   test_led.elf 
   text	   data	    bss	    dec	    hex	filename
  10708	     20	   1756	  12484	   30c4	test_led.elf
Finished building: default.size.stdout
Finished building: test_led.hex
Finished building: test_led.bin
 
 
 
Finished building: test_led.list
 
