00:58:04 **** Incremental Build of configuration Debug for project inte_test ****
make -j20 all 
arm-none-eabi-gcc "../Core/Src/main.c" -mcpu=cortex-m3 -std=gnu11 -g3 -DUSE_HAL_DRIVER -DSTM32F103x6 -DDEBUG -c -I../Core/Inc -I../Drivers/STM32F1xx_HAL_Driver/Inc -I../Drivers/STM32F1xx_HAL_Driver/Inc/Legacy -I../Drivers/CMSIS/Device/ST/STM32F1xx/Include -I../Drivers/CMSIS/Include -I"D:/personal repo/mahmoudnasser/proteus/integration_test/inte_test/lib_1" -O0 -ffunction-sections -fdata-sections -Wall -fstack-usage -MMD -MP -MF"Core/Src/main.d" -MT"Core/Src/main.o" --specs=nano.specs -mfloat-abi=soft -mthumb -o "Core/Src/main.o"
arm-none-eabi-gcc -o "inte_test.elf" @"objects.list"   -mcpu=cortex-m3 -T"D:\personal repo\mahmoudnasser\proteus\integration_test\inte_test\STM32F103C6TX_FLASH.ld" --specs=nosys.specs -Wl,-Map="inte_test.map" -Wl,--gc-sections -static --specs=nano.specs -mfloat-abi=soft -mthumb -Wl,--start-group -lc -lm -Wl,--end-group
Finished building target: inte_test.elf
 
arm-none-eabi-objdump -h -S  inte_test.elf  > "inte_test.list"
arm-none-eabi-objcopy  -O binary  inte_test.elf  "inte_test.bin"
arm-none-eabi-size   inte_test.elf 
   text	   data	    bss	    dec	    hex	filename
   6124	     20	   1632	   7776	   1e60	inte_test.elf
Finished building: default.size.stdout
 
Finished building: inte_test.bin
 
Finished building: inte_test.list
 

00:58:04 Build Finished. 0 errors, 0 warnings. (took 490ms)

