19:18:24 **** Incremental Build of configuration Debug for project UART ****
make -j20 all 
arm-none-eabi-gcc "../Core/Src/main.c" -mcpu=cortex-m3 -std=gnu11 -g3 -DUSE_HAL_DRIVER -DSTM32F103x6 -DDEBUG -c -I../Core/Inc -I../Drivers/STM32F1xx_HAL_Driver/Inc -I../Drivers/STM32F1xx_HAL_Driver/Inc/Legacy -I../Drivers/CMSIS/Device/ST/STM32F1xx/Include -I../Drivers/CMSIS/Include -O0 -ffunction-sections -fdata-sections -Wall -fstack-usage -MMD -MP -MF"Core/Src/main.d" -MT"Core/Src/main.o" --specs=nano.specs -mfloat-abi=soft -mthumb -o "Core/Src/main.o"
arm-none-eabi-gcc -o "UART.elf" @"objects.list"   -mcpu=cortex-m3 -T"D:\personal repo\mahmoudnasser\proteus\uart\UART\STM32F103C6TX_FLASH.ld" --specs=nosys.specs -Wl,-Map="UART.map" -Wl,--gc-sections -static --specs=nano.specs -mfloat-abi=soft -mthumb -Wl,--start-group -lc -lm -Wl,--end-group
Finished building target: UART.elf
 
arm-none-eabi-objdump -h -S  UART.elf  > "UART.list"
arm-none-eabi-objcopy  -O ihex  UART.elf  "UART.hex"
arm-none-eabi-objcopy  -O binary  UART.elf  "UART.bin"
arm-none-eabi-size   UART.elf 
   text	   data	    bss	    dec	    hex	filename
   7944	     20	   1748	   9712	   25f0	UART.elf
Finished building: default.size.stdout
Finished building: UART.hex
Finished building: UART.bin
 
 
 
Finished building: UART.list
 
